// Jest Snapshot v1, https://goo.gl/fbAQLP

exports[`App test validation todos props of todolists should be an array of todo, and contain initial todos 1`] = `
<div
  className="App"
>
  <TodoList
    setTodos={[Function]}
    todos={
      Array [
        Object {
          "description": "Lorem ipsum dolor sit amet",
          "id": "fdsqfdkslqfdsq",
          "state": false,
          "title": "title one",
        },
        Object {
          "description": "Lorem ipsum dolo",
          "id": "fdqfdqslk",
          "state": false,
          "title": "title two",
        },
        Object {
          "description": "Lorem ipsum",
          "id": "dfsqfdsqfdq",
          "state": false,
          "title": "title three",
        },
      ]
    }
  />
</div>
`;
