// Jest Snapshot v1, https://goo.gl/fbAQLP

exports[`Todo test validation should test TodoItem component 1`] = `
<div>
  <p>
    <input
      onChange={[Function]}
      type="checkbox"
    />
    <span />
    <Link
      to="/todolist/todo/undefined"
    >
      details
    </Link>
  </p>
</div>
`;
