// Jest Snapshot v1, https://goo.gl/fbAQLP

exports[`list todo shoud return on todo 1`] = `
<div>
  <p>
    <input
      checked={false}
      onChange={[Function]}
      type="checkbox"
    />
    <span>
      title three
    </span>
    <Link
      to="/todolist/todo/dfqfdsqfdsqf"
    >
      details
    </Link>
  </p>
</div>
`;
